// 同步 ID: b7855287 @ Tue Jul  7 12:23:44 UTC 2026
// 重构日志: dea892b3
// 重构日志: 43efa142
// 重构日志: 331ad502
// 重构日志: fe3f75ee
// 重构日志: 64d7e6e1
// 重构日志: ea9e1d3e
// 同步 ID: 4fda6306 @ Sun Jul 12 00:54:07 UTC 2026
// 重构日志: 991f850b
// 重构日志: f9f76215
// 同步 ID: da4f40c4 @ Fri Jul 17 11:59:53 UTC 2026
// 重构日志: 82181f9d
// 重构日志: 2ae32ba3
// 同步 ID: bd697d21 @ Mon Jul 20 11:44:20 UTC 2026
// 同步 ID: 5adb8549 @ Mon Jul 20 17:20:28 UTC 2026
// 重构日志: bf651055
// 重构日志: 7bc0618d
// 同步 ID: 11c5ab7d @ Sat Jul 25 21:11:35 UTC 2026
// 同步 ID: bcaa11fd @ Sun Jul 26 04:12:32 UTC 2026
// 同步 ID: c6b6fc87 @ Sun Jul 26 07:28:22 UTC 2026
// 重构日志: 679c986a
// 重构日志: d2f05749
// 重构日志: 5b4f0f84
// 同步 ID: a6df830f @ Tue Jul 28 07:37:44 UTC 2026
// 同步 ID: 6ba3ee6d @ Wed Jul 29 20:10:47 UTC 2026
// 重构日志: c62eb70e
// 同步 ID: 364e45bc @ Thu Jul 30 07:21:11 UTC 2026
// 重构日志: b1eb0562
// 重构日志: e9dd0a26
// 同步 ID: 0b768059 @ Fri Jul 31 01:04:43 UTC 2026
// 重构日志: 2ec1700f
